[log] 运行日志写入: log/run_DBLP_20260811_102209.log
[config] cand_sources=embed num_cand_per_node=0 cand_label_mode=soft cand_dist_k=16 cand_dist_tau=0.2 lambda_cand_bce=0.0 lambda_ic_spnm=0.0 ic_spnm_pos=20 ic_spnm_neg=256 ic_spnm_hard_pool=2048 ic_spnm_pos_mode=neighbor ic_spnm_frontier_ratio=0.5 ic_spnm_frontier_hops=2 lambda_ilssc=0.1 ilssc_seed_size=8 ilssc_neg=256 ilssc_hard_pool=2048 ilssc_hops=2 ilssc_neg_mode=conservative ilssc_gate_mode=prior ilssc_high_order_beta=0.2 ilssc_warmup=10 ilssc_ramp=30 ilssc_use_intent_dist=False intent_dist_k=16 intent_dist_tau=0.2 intent_dist_beta=0.5 intent_dist_proto_mode=random intent_dist_stable=False intent_dist_update_interval=10 intent_dist_ema=0.7 intent_dist_anchor_pool=0 intent_dist_conf_tau=0.05 intent_dist_min_conf=0.0 relation_fusion=icra cs_topk=(5, 10, 20, 50, 'oracle') cs_w_list=(0.14,) greedy_patience=1 greedy_min_gain_tol=0.0001 frontier_batch_size=2 greedy_connectivity_boost=0.0 greedy_select_mode=first_drop greedy_init_seed_size=1 greedy_init_seed_hops=1 greedy_init_seed_conn_beta=0.3 greedy_high_order_beta=0.2 greedy_comm_cohesion_beta=0.05 greedy_comm_direct_beta=0.1 greedy_boundary_gamma=0.03 greedy_hse_pool_size=64 greedy_recall_expand_size=128 greedy_recall_min_sim_delta=0.0 include_query_in_pred=False eval_perturb=none:0.0 seed=123
Using CPU
Using GPU: NVIDIA GeForce RTX 2080 Ti
  [cs_full_graph] DBLP: merged ['apa.npz', 'apcpa.npz', 'aptpa.npz'] -> 8947540 directed edges (no sparsify)
/root/miniconda3/lib/python3.8/site-packages/scipy/sparse/_index.py:146: SparseEfficiencyWarning: Changing the sparsity structure of a csr_matrix is expensive. lil_matrix is more efficient.
  self._set_arrayXarray(i, j, x)
  [sparsify] apcpa.npz: 5000495 -> 80544 edges (avg_deg 1233 -> 20, top-k=10)
  [sparsify] aptpa.npz: 7043571 -> 77930 edges (avg_deg 1736 -> 19, top-k=10)
[data] 多关系 R=3: apa(7056 edges), apcpa(80544 edges), aptpa(77930 edges)
[intent] dynamic query-based, dim=256
[encoder] MultiRelation+ICRA  R=3 hii_heads=1 icra_heads=1 icra_dim=64
[ILSSC] 全量图邻接表就绪, lambda=0.1, seed=8 neg=256 B=8 pool=2048 hops=2 frontier_pool=128 conn_beta=0.3 sim_beta=0.5 high_order_beta=0.2 proto_alpha=0.5 use_intent_dist=False dist_k=16 dist_tau=0.2 dist_beta=0.5 dist_proto_mode=random dist_stable=False dist_update_interval=10 dist_ema=0.7 dist_conf_tau=0.05 dist_min_conf=0.0
(T) | Epoch=001, loss=7.7095, con=7.3516, intent=5.0260, rec=0.0010, ilssc=0.0000, il_lam=0.0000, this epoch 1.5496, total 7.0512  alpha=[apa:0.340, apcpa:0.338, aptpa:0.322]
(T) | Epoch=002, loss=7.4748, con=7.1937, intent=4.1363, rec=0.0052, ilssc=0.0000, il_lam=0.0000, this epoch 0.9150, total 7.9663
(T) | Epoch=003, loss=7.2305, con=6.9819, intent=3.6067, rec=0.0104, ilssc=0.0000, il_lam=0.0000, this epoch 0.9320, total 8.8982
(T) | Epoch=004, loss=7.0910, con=6.8726, intent=3.1912, rec=0.0058, ilssc=0.0000, il_lam=0.0000, this epoch 0.9281, total 9.8263
(T) | Epoch=005, loss=7.0557, con=6.8456, intent=2.9829, rec=0.0036, ilssc=0.0000, il_lam=0.0000, this epoch 0.9333, total 10.7596
(T) | Epoch=006, loss=6.9992, con=6.7887, intent=2.8623, rec=0.0045, ilssc=0.0000, il_lam=0.0000, this epoch 0.9160, total 11.6756
(T) | Epoch=007, loss=6.9574, con=6.7434, intent=2.7936, rec=0.0031, ilssc=0.0000, il_lam=0.0000, this epoch 0.9137, total 12.5894
(T) | Epoch=008, loss=6.9475, con=6.7303, intent=2.7367, rec=0.0026, ilssc=0.0000, il_lam=0.0000, this epoch 0.9120, total 13.5013
(T) | Epoch=009, loss=6.9474, con=6.7206, intent=2.7696, rec=0.0025, ilssc=0.0000, il_lam=0.0000, this epoch 0.9116, total 14.4129
(T) | Epoch=010, loss=6.9276, con=6.7052, intent=2.6568, rec=0.0020, ilssc=0.0000, il_lam=0.0000, this epoch 0.9122, total 15.3251  alpha=[apa:0.311, apcpa:0.353, aptpa:0.336]
(T) | Epoch=011, loss=6.9296, con=6.6880, intent=2.6312, rec=0.0018, ilssc=4.7303, il_lam=0.0033, il_q=8, il_seed=0.910, il_sim=0.327, il_conn=0.000, il_dist=0.000, il_high=0.743, il_conf_q=0.000, il_conf_seed=0.000, il_gate_seed=1.000, il_uniq=8.0, il_neg=0.144, il_neg_dist=0.000, il_neg_high=0.419, il_conf_neg=0.000, il_gate_neg=1.000, id_upd=0, this epoch 3.7168, total 19.0419
(T) | Epoch=012, loss=6.9386, con=6.6794, intent=2.5946, rec=0.0013, ilssc=4.7293, il_lam=0.0067, il_q=8, il_seed=0.924, il_sim=0.335, il_conn=0.000, il_dist=0.000, il_high=0.761, il_conf_q=0.000, il_conf_seed=0.000, il_gate_seed=1.000, il_uniq=8.0, il_neg=0.138, il_neg_dist=0.000, il_neg_high=0.413, il_conf_neg=0.000, il_gate_neg=1.000, id_upd=0, this epoch 3.1943, total 22.2362
(T) | Epoch=013, loss=6.9560, con=6.6795, intent=2.5718, rec=0.0010, ilssc=4.6651, il_lam=0.0100, il_q=8, il_seed=0.930, il_sim=0.358, il_conn=0.000, il_dist=0.000, il_high=0.780, il_conf_q=0.000, il_conf_seed=0.000, il_gate_seed=1.000, il_uniq=8.0, il_neg=0.147, il_neg_dist=0.000, il_neg_high=0.403, il_conf_neg=0.000, il_gate_neg=1.000, id_upd=0, this epoch 2.9083, total 25.1445
(T) | Epoch=014, loss=6.9708, con=6.6759, intent=2.5555, rec=0.0010, ilssc=4.7368, il_lam=0.0133, il_q=8, il_seed=0.936, il_sim=0.343, il_conn=0.001, il_dist=0.000, il_high=0.711, il_conf_q=0.000, il_conf_seed=0.000, il_gate_seed=1.000, il_uniq=8.0, il_neg=0.140, il_neg_dist=0.000, il_neg_high=0.365, il_conf_neg=0.000, il_gate_neg=1.000, id_upd=0, this epoch 2.8801, total 28.0246
(T) | Epoch=015, loss=6.9781, con=6.6658, intent=2.5422, rec=0.0008, ilssc=4.7971, il_lam=0.0167, il_q=8, il_seed=0.946, il_sim=0.307, il_conn=0.000, il_dist=0.000, il_high=0.740, il_conf_q=0.000, il_conf_seed=0.000, il_gate_seed=1.000, il_uniq=8.0, il_neg=0.139, il_neg_dist=0.000, il_neg_high=0.417, il_conf_neg=0.000, il_gate_neg=1.000, id_upd=0, this epoch 2.9197, total 30.9443
(T) | Epoch=016, loss=6.9829, con=6.6561, intent=2.5227, rec=0.0007, ilssc=4.7574, il_lam=0.0200, il_q=8, il_seed=0.954, il_sim=0.284, il_conn=0.000, il_dist=0.000, il_high=0.765, il_conf_q=0.000, il_conf_seed=0.000, il_gate_seed=1.000, il_uniq=8.0, il_neg=0.109, il_neg_dist=0.000, il_neg_high=0.406, il_conf_neg=0.000, il_gate_neg=1.000, id_upd=0, this epoch 2.9238, total 33.8682
(T) | Epoch=017, loss=6.9963, con=6.6522, intent=2.5150, rec=0.0005, ilssc=4.8176, il_lam=0.0233, il_q=8, il_seed=0.957, il_sim=0.275, il_conn=0.000, il_dist=0.000, il_high=0.756, il_conf_q=0.000, il_conf_seed=0.000, il_gate_seed=1.000, il_uniq=8.0, il_neg=0.119, il_neg_dist=0.000, il_neg_high=0.422, il_conf_neg=0.000, il_gate_neg=1.000, id_upd=0, this epoch 2.8148, total 36.6830
(T) | Epoch=018, loss=7.0100, con=6.6493, intent=2.4997, rec=0.0005, ilssc=4.8821, il_lam=0.0267, il_q=8, il_seed=0.959, il_sim=0.264, il_conn=0.000, il_dist=0.000, il_high=0.723, il_conf_q=0.000, il_conf_seed=0.000, il_gate_seed=1.000, il_uniq=8.0, il_neg=0.125, il_neg_dist=0.000, il_neg_high=0.392, il_conf_neg=0.000, il_gate_neg=1.000, id_upd=0, this epoch 2.8257, total 39.5087
(T) | Epoch=019, loss=7.0194, con=6.6448, intent=2.4984, rec=0.0005, ilssc=4.7988, il_lam=0.0300, il_q=8, il_seed=0.965, il_sim=0.270, il_conn=0.000, il_dist=0.000, il_high=0.743, il_conf_q=0.000, il_conf_seed=0.000, il_gate_seed=1.000, il_uniq=8.0, il_neg=0.099, il_neg_dist=0.000, il_neg_high=0.435, il_conf_neg=0.000, il_gate_neg=1.000, id_upd=0, this epoch 2.7225, total 42.2312
(T) | Epoch=020, loss=7.0285, con=6.6458, intent=2.4874, rec=0.0004, ilssc=4.5930, il_lam=0.0333, il_q=8, il_seed=0.967, il_sim=0.334, il_conn=0.000, il_dist=0.000, il_high=0.740, il_conf_q=0.000, il_conf_seed=0.000, il_gate_seed=1.000, il_uniq=8.0, il_neg=0.088, il_neg_dist=0.000, il_neg_high=0.417, il_conf_neg=0.000, il_gate_neg=1.000, id_upd=0, this epoch 2.7992, total 45.0304  alpha=[apa:0.229, apcpa:0.407, aptpa:0.364]
(T) | Epoch=021, loss=7.0570, con=6.6523, intent=2.4799, rec=0.0003, ilssc=4.7906, il_lam=0.0367, il_q=8, il_seed=0.972, il_sim=0.270, il_conn=0.000, il_dist=0.000, il_high=0.783, il_conf_q=0.000, il_conf_seed=0.000, il_gate_seed=1.000, il_uniq=8.0, il_neg=0.088, il_neg_dist=0.000, il_neg_high=0.453, il_conf_neg=0.000, il_gate_neg=1.000, id_upd=0, this epoch 3.1081, total 48.1386
(T) | Epoch=022, loss=7.0702, con=6.6544, intent=2.4750, rec=0.0003, ilssc=4.6775, il_lam=0.0400, il_q=8, il_seed=0.971, il_sim=0.296, il_conn=0.000, il_dist=0.000, il_high=0.776, il_conf_q=0.000, il_conf_seed=0.000, il_gate_seed=1.000, il_uniq=8.0, il_neg=0.089, il_neg_dist=0.000, il_neg_high=0.423, il_conf_neg=0.000, il_gate_neg=1.000, id_upd=0, this epoch 3.0362, total 51.1748
(T) | Epoch=023, loss=7.0772, con=6.6468, intent=2.4708, rec=0.0002, ilssc=4.6620, il_lam=0.0433, il_q=8, il_seed=0.974, il_sim=0.303, il_conn=0.000, il_dist=0.000, il_high=0.810, il_conf_q=0.000, il_conf_seed=0.000, il_gate_seed=1.000, il_uniq=8.0, il_neg=0.080, il_neg_dist=0.000, il_neg_high=0.458, il_conf_neg=0.000, il_gate_neg=1.000, id_upd=0, this epoch 2.8635, total 54.0383
(T) | Epoch=024, loss=7.0841, con=6.6349, intent=2.4664, rec=0.0002, ilssc=4.7388, il_lam=0.0467, il_q=8, il_seed=0.976, il_sim=0.277, il_conn=0.000, il_dist=0.000, il_high=0.796, il_conf_q=0.000, il_conf_seed=0.000, il_gate_seed=1.000, il_uniq=8.0, il_neg=0.075, il_neg_dist=0.000, il_neg_high=0.477, il_conf_neg=0.000, il_gate_neg=1.000, id_upd=0, this epoch 2.6815, total 56.7198
(T) | Epoch=025, loss=7.0902, con=6.6273, intent=2.4647, rec=0.0001, ilssc=4.6993, il_lam=0.0500, il_q=8, il_seed=0.974, il_sim=0.276, il_conn=0.000, il_dist=0.000, il_high=0.750, il_conf_q=0.000, il_conf_seed=0.000, il_gate_seed=1.000, il_uniq=8.0, il_neg=0.120, il_neg_dist=0.000, il_neg_high=0.403, il_conf_neg=0.000, il_gate_neg=1.000, id_upd=0, this epoch 2.9934, total 59.7132
(T) | Epoch=026, loss=7.1058, con=6.6280, intent=2.4632, rec=0.0001, ilssc=4.6852, il_lam=0.0533, il_q=8, il_seed=0.975, il_sim=0.276, il_conn=0.000, il_dist=0.000, il_high=0.788, il_conf_q=0.000, il_conf_seed=0.000, il_gate_seed=1.000, il_uniq=8.0, il_neg=0.057, il_neg_dist=0.000, il_neg_high=0.457, il_conf_neg=0.000, il_gate_neg=1.000, id_upd=0, this epoch 2.7239, total 62.4371
(T) | Epoch=027, loss=7.1309, con=6.6334, intent=2.4580, rec=0.0001, ilssc=4.7614, il_lam=0.0567, il_q=8, il_seed=0.974, il_sim=0.272, il_conn=0.000, il_dist=0.000, il_high=0.772, il_conf_q=0.000, il_conf_seed=0.000, il_gate_seed=1.000, il_uniq=8.0, il_neg=0.085, il_neg_dist=0.000, il_neg_high=0.447, il_conf_neg=0.000, il_gate_neg=1.000, id_upd=0, this epoch 3.0229, total 65.4600
(T) | Epoch=028, loss=7.1495, con=6.6380, intent=2.4591, rec=0.0001, ilssc=4.7260, il_lam=0.0600, il_q=8, il_seed=0.976, il_sim=0.277, il_conn=0.000, il_dist=0.000, il_high=0.782, il_conf_q=0.000, il_conf_seed=0.000, il_gate_seed=1.000, il_uniq=8.0, il_neg=0.067, il_neg_dist=0.000, il_neg_high=0.454, il_conf_neg=0.000, il_gate_neg=1.000, id_upd=0, this epoch 2.4962, total 67.9563
(T) | Epoch=029, loss=7.1550, con=6.6376, intent=2.4535, rec=0.0001, ilssc=4.5778, il_lam=0.0633, il_q=8, il_seed=0.977, il_sim=0.298, il_conn=0.000, il_dist=0.000, il_high=0.740, il_conf_q=0.000, il_conf_seed=0.000, il_gate_seed=1.000, il_uniq=8.0, il_neg=0.078, il_neg_dist=0.000, il_neg_high=0.416, il_conf_neg=0.000, il_gate_neg=1.000, id_upd=0, this epoch 3.0698, total 71.0260
(T) | Epoch=030, loss=7.1761, con=6.6338, intent=2.4528, rec=0.0001, ilssc=4.7231, il_lam=0.0667, il_q=8, il_seed=0.976, il_sim=0.286, il_conn=0.000, il_dist=0.000, il_high=0.760, il_conf_q=0.000, il_conf_seed=0.000, il_gate_seed=1.000, il_uniq=8.0, il_neg=0.098, il_neg_dist=0.000, il_neg_high=0.399, il_conf_neg=0.000, il_gate_neg=1.000, id_upd=0, this epoch 3.0665, total 74.0926  alpha=[apa:0.155, apcpa:0.450, aptpa:0.395]
(T) | Epoch=031, loss=7.1796, con=6.6306, intent=2.4480, rec=0.0001, ilssc=4.6007, il_lam=0.0700, il_q=8, il_seed=0.980, il_sim=0.303, il_conn=0.000, il_dist=0.000, il_high=0.750, il_conf_q=0.000, il_conf_seed=0.000, il_gate_seed=1.000, il_uniq=8.0, il_neg=0.068, il_neg_dist=0.000, il_neg_high=0.451, il_conf_neg=0.000, il_gate_neg=1.000, id_upd=0, this epoch 2.6564, total 76.7490
(T) | Epoch=032, loss=7.2002, con=6.6301, intent=2.4467, rec=0.0001, ilssc=4.6821, il_lam=0.0733, il_q=8, il_seed=0.977, il_sim=0.278, il_conn=0.000, il_dist=0.000, il_high=0.782, il_conf_q=0.000, il_conf_seed=0.000, il_gate_seed=1.000, il_uniq=8.0, il_neg=0.073, il_neg_dist=0.000, il_neg_high=0.417, il_conf_neg=0.000, il_gate_neg=1.000, id_upd=0, this epoch 2.5183, total 79.2673
(T) | Epoch=033, loss=7.2037, con=6.6294, intent=2.4474, rec=0.0001, ilssc=4.5333, il_lam=0.0767, il_q=8, il_seed=0.978, il_sim=0.347, il_conn=0.001, il_dist=0.000, il_high=0.773, il_conf_q=0.000, il_conf_seed=0.000, il_gate_seed=1.000, il_uniq=8.0, il_neg=0.067, il_neg_dist=0.000, il_neg_high=0.434, il_conf_neg=0.000, il_gate_neg=1.000, id_upd=0, this epoch 3.1597, total 82.4269
(T) | Epoch=034, loss=7.2264, con=6.6250, intent=2.4427, rec=0.0001, ilssc=4.6911, il_lam=0.0800, il_q=8, il_seed=0.979, il_sim=0.270, il_conn=0.001, il_dist=0.000, il_high=0.772, il_conf_q=0.000, il_conf_seed=0.000, il_gate_seed=1.000, il_uniq=8.0, il_neg=0.073, il_neg_dist=0.000, il_neg_high=0.418, il_conf_neg=0.000, il_gate_neg=1.000, id_upd=0, this epoch 2.9058, total 85.3327
(T) | Epoch=035, loss=7.2326, con=6.6200, intent=2.4436, rec=0.0001, ilssc=4.6370, il_lam=0.0833, il_q=8, il_seed=0.979, il_sim=0.298, il_conn=0.000, il_dist=0.000, il_high=0.722, il_conf_q=0.000, il_conf_seed=0.000, il_gate_seed=1.000, il_uniq=8.0, il_neg=0.079, il_neg_dist=0.000, il_neg_high=0.429, il_conf_neg=0.000, il_gate_neg=1.000, id_upd=0, this epoch 2.5828, total 87.9155
(T) | Epoch=036, loss=7.2509, con=6.6191, intent=2.4359, rec=0.0001, ilssc=4.6907, il_lam=0.0867, il_q=8, il_seed=0.982, il_sim=0.281, il_conn=0.000, il_dist=0.000, il_high=0.762, il_conf_q=0.000, il_conf_seed=0.000, il_gate_seed=1.000, il_uniq=8.0, il_neg=0.068, il_neg_dist=0.000, il_neg_high=0.450, il_conf_neg=0.000, il_gate_neg=1.000, id_upd=0, this epoch 3.2564, total 91.1719
(T) | Epoch=037, loss=7.2729, con=6.6216, intent=2.4337, rec=0.0001, ilssc=4.7357, il_lam=0.0900, il_q=8, il_seed=0.982, il_sim=0.253, il_conn=0.000, il_dist=0.000, il_high=0.803, il_conf_q=0.000, il_conf_seed=0.000, il_gate_seed=1.000, il_uniq=8.0, il_neg=0.054, il_neg_dist=0.000, il_neg_high=0.469, il_conf_neg=0.000, il_gate_neg=1.000, id_upd=0, this epoch 2.3932, total 93.5651
(T) | Epoch=038, loss=7.2940, con=6.6227, intent=2.4320, rec=0.0001, ilssc=4.7840, il_lam=0.0933, il_q=8, il_seed=0.982, il_sim=0.259, il_conn=0.000, il_dist=0.000, il_high=0.780, il_conf_q=0.000, il_conf_seed=0.000, il_gate_seed=1.000, il_uniq=8.0, il_neg=0.076, il_neg_dist=0.000, il_neg_high=0.445, il_conf_neg=0.000, il_gate_neg=1.000, id_upd=0, this epoch 3.1322, total 96.6973
(T) | Epoch=039, loss=7.2901, con=6.6192, intent=2.4305, rec=0.0001, ilssc=4.6165, il_lam=0.0967, il_q=8, il_seed=0.982, il_sim=0.302, il_conn=0.000, il_dist=0.000, il_high=0.776, il_conf_q=0.000, il_conf_seed=0.000, il_gate_seed=1.000, il_uniq=8.0, il_neg=0.065, il_neg_dist=0.000, il_neg_high=0.433, il_conf_neg=0.000, il_gate_neg=1.000, id_upd=0, this epoch 2.9688, total 99.6661
(T) | Epoch=040, loss=7.3026, con=6.6147, intent=2.4305, rec=0.0002, ilssc=4.6341, il_lam=0.1000, il_q=8, il_seed=0.981, il_sim=0.297, il_conn=0.000, il_dist=0.000, il_high=0.799, il_conf_q=0.000, il_conf_seed=0.000, il_gate_seed=1.000, il_uniq=8.0, il_neg=0.060, il_neg_dist=0.000, il_neg_high=0.461, il_conf_neg=0.000, il_gate_neg=1.000, id_upd=0, this epoch 2.9013, total 102.5674  alpha=[apa:0.168, apcpa:0.424, aptpa:0.407]
