[command] python /root/code/lunwne/lunwen/train_ig.py --num_epochs 200 --intent_source dynamic --num_hidden 256 --num_proj_hidden 256 --num_edge_hidden 32 --adv_lambda 0 --lambda_intent 0.1 --encoder hii --num_layers 2 --hii_heads 1 --icra_heads 1 --icra_dim 64 --sparsify_topk 10 --disable_candidate_edges --lambda_cand_bce 0 --lambda_rel_entropy 0.02 --cs_full_graph --cs_num_queries 40 --cs_topk 5,10,20,50,oracle --cs_w_list 0.18,0.2,0.22,0.24,0.26 --greedy_patience 1 --greedy_min_gain_tol 1e-4 --frontier_batch_size 2 --greedy_connectivity_boost 0 --greedy_select_mode first_drop --intent_rerank_alpha 0 --lambda_ic_spnm 0 --compute_structure_metrics --ckpt_interval 0 --cs_relations apa,apcpa,aptpa --dataset DBLP --greedy_boundary_gamma 0.03 --idbr_boundary_penalty_gamma 0.2 --idbr_boundary_penalty_sim_gamma 0.5 --idbr_boundary_penalty_cohesion_gamma 0.5 --idbr_boundary_penalty_bridge_gamma 1.0 --idbr_local_seed_beta 0.1
[log] 运行日志写入: log/run_DBLP_20260813_103751.log
[config] cand_sources=embed num_cand_per_node=0 cand_label_mode=soft cand_dist_k=16 cand_dist_tau=0.2 lambda_cand_bce=0.0 lambda_ic_spnm=0.0 ic_spnm_pos=20 ic_spnm_neg=256 ic_spnm_hard_pool=2048 ic_spnm_pos_mode=neighbor ic_spnm_frontier_ratio=0.5 ic_spnm_frontier_hops=2 lambda_ilssc=0.0 ilssc_seed_size=8 ilssc_neg=256 ilssc_hard_pool=2048 ilssc_hops=2 ilssc_neg_mode=conservative ilssc_gate_mode=prior ilssc_high_order_beta=0.0 ilssc_local_bridge_beta=0.0 ilssc_warmup=0 ilssc_ramp=0 ilssc_use_intent_dist=False intent_dist_k=16 intent_dist_tau=0.2 intent_dist_beta=0.5 intent_dist_proto_mode=random intent_dist_stable=False intent_dist_update_interval=10 intent_dist_ema=0.7 intent_dist_anchor_pool=0 intent_dist_conf_tau=0.05 intent_dist_min_conf=0.0 relation_fusion=icra cs_topk=(5, 10, 20, 50, 'oracle') cs_w_list=(0.18, 0.2, 0.22, 0.24, 0.26) greedy_patience=1 greedy_min_gain_tol=0.0001 frontier_batch_size=2 greedy_connectivity_boost=0.0 greedy_select_mode=first_drop greedy_init_seed_size=1 greedy_init_seed_hops=1 greedy_init_seed_conn_beta=0.3 greedy_high_order_beta=0.0 greedy_comm_cohesion_beta=0.0 greedy_comm_direct_beta=0.0 greedy_boundary_gamma=0.03 greedy_hse_pool_size=0 greedy_hse_normalize=False greedy_hse_density=False greedy_hse_density_alpha=1.0 idbr_bridge_beta=0.0 idbr_bridge_steps=(2, 4) idbr_bridge_decay=1.0 idbr_bridge_max_states=50000 idbr_bridge_fanout=0 idbr_local_seed_beta=0.1 greedy_recall_expand_size=0 greedy_recall_min_sim_delta=0.0 include_query_in_pred=False eval_perturb=none:0.0 model_name=None seed=123
Using CPU
Using GPU: NVIDIA GeForce RTX 2080 Ti
  [cs_full_graph] DBLP: merged ['apa.npz', 'apcpa.npz', 'aptpa.npz'] -> 8947540 directed edges (no sparsify)
/root/miniconda3/lib/python3.8/site-packages/scipy/sparse/_index.py:146: SparseEfficiencyWarning: Changing the sparsity structure of a csr_matrix is expensive. lil_matrix is more efficient.
  self._set_arrayXarray(i, j, x)
  [sparsify] apcpa.npz: 5000495 -> 80544 edges (avg_deg 1233 -> 20, top-k=10)
  [sparsify] aptpa.npz: 7043571 -> 77930 edges (avg_deg 1736 -> 19, top-k=10)
[data] 多关系 R=3: apa(7056 edges), apcpa(80544 edges), aptpa(77930 edges)
[intent] dynamic query-based, dim=256
[encoder] MultiRelation+ICRA  R=3 hii_heads=1 icra_heads=1 icra_dim=64
Traceback (most recent call last):
  File "/root/code/lunwne/lunwen/train_ig.py", line 1789, in <module>
    z_adv, z_rec, reg, fea_up, fea_lo, _ = build_views(
  File "/root/code/lunwne/lunwen/train_ig.py", line 1675, in _build_views_multi
    infos = adv_m.forward_multi(data.x, data.edge_index_list, ones_list, intent)
  File "/root/code/lunwne/lunwen/ig_model.py", line 437, in forward_multi
    zs, _, _ = self.encoder.encode_per_relation(
  File "/root/code/lunwne/lunwen/multi_relation_fusion.py", line 186, in encode_per_relation
    zs.append(self.encoders[r](x, edge_index_list[r], ew, intent))
  File "/root/miniconda3/lib/python3.8/site-packages/torch/nn/modules/module.py", line 1553, in _wrapped_call_impl
    return self._call_impl(*args, **kwargs)
  File "/root/miniconda3/lib/python3.8/site-packages/torch/nn/modules/module.py", line 1562, in _call_impl
    return forward_call(*args, **kwargs)
  File "/root/code/lunwne/lunwen/hii_gnn.py", line 162, in forward
    h = self.local(x, edge_index, edge_weight, intent_h)
  File "/root/miniconda3/lib/python3.8/site-packages/torch/nn/modules/module.py", line 1553, in _wrapped_call_impl
    return self._call_impl(*args, **kwargs)
  File "/root/miniconda3/lib/python3.8/site-packages/torch/nn/modules/module.py", line 1562, in _call_impl
    return forward_call(*args, **kwargs)
  File "/root/code/lunwne/lunwen/hii_gnn.py", line 65, in forward
    out = self.propagate(edge_index, x=h, gate=gate,
  File "/tmp/hii_gnn_LocalIntentInjectionLayer_propagate_16cgr1q4.py", line 263, in propagate
    out = self.aggregate(
  File "/root/miniconda3/lib/python3.8/site-packages/torch_geometric/nn/conv/message_passing.py", line 594, in aggregate
    return self.aggr_module(inputs, index, ptr=ptr, dim_size=dim_size,
  File "/root/miniconda3/lib/python3.8/site-packages/torch_geometric/experimental.py", line 117, in wrapper
    return func(*args, **kwargs)
  File "/root/miniconda3/lib/python3.8/site-packages/torch_geometric/nn/aggr/base.py", line 139, in __call__
    raise e
  File "/root/miniconda3/lib/python3.8/site-packages/torch_geometric/nn/aggr/base.py", line 131, in __call__
    return super().__call__(x, index=index, ptr=ptr, dim_size=dim_size,
  File "/root/miniconda3/lib/python3.8/site-packages/torch/nn/modules/module.py", line 1553, in _wrapped_call_impl
    return self._call_impl(*args, **kwargs)
  File "/root/miniconda3/lib/python3.8/site-packages/torch/nn/modules/module.py", line 1562, in _call_impl
    return forward_call(*args, **kwargs)
  File "/root/miniconda3/lib/python3.8/site-packages/torch_geometric/nn/aggr/basic.py", line 22, in forward
    return self.reduce(x, index, ptr, dim_size, dim, reduce='sum')
  File "/root/miniconda3/lib/python3.8/site-packages/torch_geometric/nn/aggr/base.py", line 185, in reduce
    return scatter(x, index, dim, dim_size, reduce)
  File "/root/miniconda3/lib/python3.8/site-packages/torch_geometric/utils/_scatter.py", line 75, in scatter
    return src.new_zeros(size).scatter_add_(dim, index, src)
torch.OutOfMemoryError: CUDA out of memory. Tried to allocate 312.00 MiB. GPU 0 has a total capacity of 10.57 GiB of which 231.06 MiB is free. Process 3103 has 7.79 GiB memory in use. Including non-PyTorch memory, this process has 2.55 GiB memory in use. Of the allocated memory 2.33 GiB is allocated by PyTorch, and 10.59 MiB is reserved by PyTorch but unallocated. If reserved but unallocated memory is large try setting PYTORCH_CUDA_ALLOC_CONF=expandable_segments:True to avoid fragmentation.  See documentation for Memory Management  (https://pytorch.org/docs/stable/notes/cuda.html#environment-variables)
