[command] python /root/code/lunwne/lunwen/train_ig.py --num_epochs 200 --intent_source dynamic --num_hidden 256 --num_proj_hidden 256 --num_edge_hidden 32 --adv_lambda 0 --lambda_intent 0.1 --encoder hii --num_layers 2 --hii_heads 1 --icra_heads 1 --icra_dim 64 --sparsify_topk 10 --disable_candidate_edges --lambda_cand_bce 0 --lambda_rel_entropy 0.02 --cs_full_graph --cs_num_queries 40 --cs_topk 5,10,20,50,oracle --cs_w_list 0.18,0.2,0.22,0.24,0.26 --greedy_patience 1 --greedy_min_gain_tol 1e-4 --frontier_batch_size 2 --greedy_connectivity_boost 0 --greedy_select_mode first_drop --intent_rerank_alpha 0 --lambda_ic_spnm 0 --compute_structure_metrics --ckpt_interval 0 --cs_relations pap,psp --query_file log/queries_ACM_40_seed0_new.txt --dataset ACM
Traceback (most recent call last):
  File "/root/code/lunwne/lunwen/train_ig.py", line 26, in <module>
    from utils import set_everything, get_dataset, get_cs_dataset, CS_DATASETS
  File "/root/code/lunwne/lunwen/utils.py", line 4, in <module>
    import torch
  File "/root/miniconda3/lib/python3.8/site-packages/torch/__init__.py", line 2143, in <module>
    from . import _meta_registrations
  File "/root/miniconda3/lib/python3.8/site-packages/torch/_meta_registrations.py", line 9, in <module>
    from torch._decomp import (
  File "/root/miniconda3/lib/python3.8/site-packages/torch/_decomp/__init__.py", line 245, in <module>
    import torch._decomp.decompositions
  File "/root/miniconda3/lib/python3.8/site-packages/torch/_decomp/decompositions.py", line 12, in <module>
    import torch._prims as prims
  File "/root/miniconda3/lib/python3.8/site-packages/torch/_prims/__init__.py", line 2097, in <module>
    convert_element_type = _make_prim(
  File "/root/miniconda3/lib/python3.8/site-packages/torch/_prims/__init__.py", line 320, in _make_prim
    prim_def = torch.library.custom_op(
  File "/root/miniconda3/lib/python3.8/site-packages/torch/_library/custom_ops.py", line 142, in custom_op
    return inner(fn)
  File "/root/miniconda3/lib/python3.8/site-packages/torch/_library/custom_ops.py", line 123, in inner
    result = CustomOpDef(namespace, opname, schema_str, fn)
  File "/root/miniconda3/lib/python3.8/site-packages/torch/_library/custom_ops.py", line 169, in __init__
    self._register_to_dispatcher()
  File "/root/miniconda3/lib/python3.8/site-packages/torch/_library/custom_ops.py", line 475, in _register_to_dispatcher
    autograd_impl = _library.autograd.make_autograd_impl(self._opoverload, self)
  File "/root/miniconda3/lib/python3.8/site-packages/torch/_library/autograd.py", line 29, in make_autograd_impl
    class Metadata:
  File "/root/miniconda3/lib/python3.8/dataclasses.py", line 1019, in dataclass
    return wrap(cls)
  File "/root/miniconda3/lib/python3.8/dataclasses.py", line 1011, in wrap
    return _process_class(cls, init, repr, eq, order, unsafe_hash, frozen)
  File "/root/miniconda3/lib/python3.8/dataclasses.py", line 951, in _process_class
    _cmp_fn('__eq__', '==',
  File "/root/miniconda3/lib/python3.8/dataclasses.py", line 582, in _cmp_fn
    f' return {self_tuple}{op}{other_tuple}',
KeyboardInterrupt
